0 verbose cli D:\node\node.exe D:\node\node_modules\npm\bin\npm-cli.js
1 info using npm@11.12.1
2 info using node@v24.15.0
3 silly config load:file:D:\node\node_modules\npm\npmrc
4 silly config load:file:D:\xiangmu2\01wuliupeisong\.npmrc
5 silly config load:file:C:\Users\徐天宇\.npmrc
6 silly config load:file:C:\Users\徐天宇\.node_global\etc\npmrc
7 verbose title npm exec tsc -p web/tsconfig.json --noEmit
8 verbose argv "exec" "--" "tsc" "-p" "web/tsconfig.json" "--noEmit"
9 verbose logfile logs-max:10 dir:D:\xiangmu2\01wuliupeisong\%USERPROFILE%\.npm-cache\_logs\2026-09-27T04_39_17_156Z-
10 verbose logfile D:\xiangmu2\01wuliupeisong\%USERPROFILE%\.npm-cache\_logs\2026-09-27T04_39_17_156Z-debug-0.log
11 silly logfile done cleaning log files
12 silly packumentCache heap:4496293888 maxSize:1124073472 maxEntrySize:562036736
13 http fetch GET 200 https://registry.npmmirror.com/tsc 223ms (cache miss)
14 silly packumentCache heap:4496293888 maxSize:1124073472 maxEntrySize:562036736
15 silly packumentCache heap:4496293888 maxSize:1124073472 maxEntrySize:562036736
16 warn exec The following package was not found and will be installed: tsc@2.0.3
17 silly idealTree buildDeps
18 silly fetch manifest tsc@2.0.3
19 silly packumentCache full:https://registry.npmmirror.com/tsc cache-miss
20 http fetch GET 200 https://registry.npmmirror.com/npm 472ms
21 http fetch GET 200 https://registry.npmmirror.com/tsc 98ms (cache miss)
22 silly packumentCache full:https://registry.npmmirror.com/tsc set size:3864 disposed:false
23 silly placeDep ROOT tsc@2.0.3 OK for:  want: 2.0.3
24 silly reify moves {}
25 silly audit bulk request { tsc: [ '2.0.3' ] }
26 http cache tsc@https://registry.npmmirror.com/tsc/-/tsc-2.0.3.tgz 0ms (cache hit)
27 silly tarball no local data for tsc@https://registry.npmmirror.com/tsc/-/tsc-2.0.3.tgz. Extracting by manifest.
28 http fetch POST 404 https://registry.npmmirror.com/-/npm/v1/security/advisories/bulk 44ms
29 verbose audit error HttpErrorGeneral: 404 Not Found - POST https://registry.npmmirror.com/-/npm/v1/security/advisories/bulk - [NOT_IMPLEMENTED] /-/npm/v1/security/* not implemented yet
29 verbose audit error     at D:\node\node_modules\npm\node_modules\npm-registry-fetch\lib\check-response.js:103:15
29 verbose audit error     at process.processTicksAndRejections (node:internal/process/task_queues:104:5)
29 verbose audit error     at async #getReport (D:\node\node_modules\npm\node_modules\@npmcli\arborist\lib\audit-report.js:275:19)
29 verbose audit error     at async AuditReport.run (D:\node\node_modules\npm\node_modules\@npmcli\arborist\lib\audit-report.js:100:19) {
29 verbose audit error   headers: [Object: null prototype] {
29 verbose audit error     server: [ 'Tengine' ],
29 verbose audit error     date: [ 'Sun, 27 Sep 2026 04:39:18 GMT' ],
29 verbose audit error     'content-type': [ 'application/json' ],
29 verbose audit error     'transfer-encoding': [ 'chunked' ],
29 verbose audit error     connection: [ 'keep-alive' ],
29 verbose audit error     'strict-transport-security': [ 'max-age=5184000' ],
29 verbose audit error     via: [ 'kunlun4.cn8094[,404666]' ],
29 verbose audit error     'timing-allow-origin': [ '*' ],
29 verbose audit error     eagleid: [ '78dc519817904839580726901e' ],
29 verbose audit error     'x-fetch-attempts': [ '1' ]
29 verbose audit error   },
29 verbose audit error   statusCode: 404,
29 verbose audit error   code: 'E404',
29 verbose audit error   method: 'POST',
29 verbose audit error   uri: 'https://registry.npmmirror.com/-/npm/v1/security/advisories/bulk',
29 verbose audit error   body: {
29 verbose audit error     error: '[NOT_IMPLEMENTED] /-/npm/v1/security/* not implemented yet'
29 verbose audit error   },
29 verbose audit error   pkgid: undefined
29 verbose audit error }
30 silly audit error [object Object]
31 silly audit report null
32 http fetch GET 200 https://cdn.npmmirror.com/packages/tsc/2.0.3/tsc-2.0.3.tgz 347ms (cache miss)
33 verbose cwd D:\xiangmu2\01wuliupeisong
34 verbose os Windows_NT 10.0.26100
35 verbose node v24.15.0
36 verbose npm  v11.12.1
37 notice
37 notice New major version of npm available! 11.12.1 -> 12.1.0
37 notice Changelog: https://github.com/npm/cli/releases/tag/v12.1.0
37 notice To update run: npm install -g npm@12.1.0
37 notice  { force: true, Symbol(proc-log.meta): true }
38 verbose exit 0
39 info ok
